// Jest Snapshot v1, https://goo.gl/fbAQLP

exports[`DetailHeader should render detail header component 1`] = `
<div>
  <div
    class="w-full flex flex-row align-middle border-2 border-gray-100 shadow-sm rounded-sm px-4 py-2 mx-auto my-4 overflow-hidden"
    data-testid="detail-header-container"
  >
    <div
      class="w-3/6 flex flex-col justify-start align-middle"
      data-testid="title-container"
    >
      <p
        class="text-2xl capitalize truncate my-2"
        data-testid="mock-title"
      >
        Awesome Mock 1651589543
      </p>
      <p
        class="text-base font-light capitalize truncate mt-1 mb-2"
        data-testid="mock-subtitle"
      >
        This is a long test description 1234567890
      </p>
      <div
        class="text-base text-center text-black truncate font-light my-1"
        data-testid="mock-link"
      >
        <div
          class="flex items-center justify-start text-teal-500"
        >
          <div
            class="text-xl w-10 min-w-10 max-w-10 p-0"
          >
            <svg
              fill="currentColor"
              height="1em"
              stroke="currentColor"
              stroke-width="0"
              viewBox="0 0 512 512"
              width="1em"
              xmlns="http://www.w3.org/2000/svg"
            >
              <path
                d="M326.612 185.391c59.747 59.809 58.927 155.698.36 214.59-.11.12-.24.25-.36.37l-67.2 67.2c-59.27 59.27-155.699 59.262-214.96 0-59.27-59.26-59.27-155.7 0-214.96l37.106-37.106c9.84-9.84 26.786-3.3 27.294 10.606.648 17.722 3.826 35.527 9.69 52.721 1.986 5.822.567 12.262-3.783 16.612l-13.087 13.087c-28.026 28.026-28.905 73.66-1.155 101.96 28.024 28.579 74.086 28.749 102.325.51l67.2-67.19c28.191-28.191 28.073-73.757 0-101.83-3.701-3.694-7.429-6.564-10.341-8.569a16.037 16.037 0 0 1-6.947-12.606c-.396-10.567 3.348-21.456 11.698-29.806l21.054-21.055c5.521-5.521 14.182-6.199 20.584-1.731a152.482 152.482 0 0 1 20.522 17.197zM467.547 44.449c-59.261-59.262-155.69-59.27-214.96 0l-67.2 67.2c-.12.12-.25.25-.36.37-58.566 58.892-59.387 154.781.36 214.59a152.454 152.454 0 0 0 20.521 17.196c6.402 4.468 15.064 3.789 20.584-1.731l21.054-21.055c8.35-8.35 12.094-19.239 11.698-29.806a16.037 16.037 0 0 0-6.947-12.606c-2.912-2.005-6.64-4.875-10.341-8.569-28.073-28.073-28.191-73.639 0-101.83l67.2-67.19c28.239-28.239 74.3-28.069 102.325.51 27.75 28.3 26.872 73.934-1.155 101.96l-13.087 13.087c-4.35 4.35-5.769 10.79-3.783 16.612 5.864 17.194 9.042 34.999 9.69 52.721.509 13.906 17.454 20.446 27.294 10.606l37.106-37.106c59.271-59.259 59.271-155.699.001-214.959z"
              />
            </svg>
          </div>
          <a
            class="text-black hover:text-blue-500 mx-1 cursor-pointer max-w-1/2 min-w-1/4 text-left truncate"
            href="undefined/api/v2/google/maps/e3f3ac0f-6c21-4cb9-baae-063f76aacf80?serviceName=Student&version=1.0&active=true"
            target="_blank"
          >
            /api/v2/google/maps/e3f3ac0f-6c21-4cb9-baae-063f76aacf80
          </a>
          <div
            class="ml-2 mt-1"
            data-testid="copy-url-button"
          >
            <button
              aria-label="Copy URL"
              class="MuiButtonBase-root MuiIconButton-root MuiIconButton-sizeMedium css-78trlr-MuiButtonBase-root-MuiIconButton-root"
              data-mui-internal-clone-element="true"
              tabindex="0"
              type="button"
            >
              <svg
                class="text-2xl text-slate-600"
                fill="currentColor"
                height="1em"
                stroke="currentColor"
                stroke-width="0"
                viewBox="0 0 448 512"
                width="1em"
                xmlns="http://www.w3.org/2000/svg"
              >
                <path
                  d="M433.941 65.941l-51.882-51.882A48 48 0 0 0 348.118 0H176c-26.51 0-48 21.49-48 48v48H48c-26.51 0-48 21.49-48 48v320c0 26.51 21.49 48 48 48h224c26.51 0 48-21.49 48-48v-48h80c26.51 0 48-21.49 48-48V99.882a48 48 0 0 0-14.059-33.941zM266 464H54a6 6 0 0 1-6-6V150a6 6 0 0 1 6-6h74v224c0 26.51 21.49 48 48 48h96v42a6 6 0 0 1-6 6zm128-96H182a6 6 0 0 1-6-6V54a6 6 0 0 1 6-6h106v88c0 13.255 10.745 24 24 24h88v202a6 6 0 0 1-6 6zm6-256h-64V48h9.632c1.591 0 3.117.632 4.243 1.757l48.368 48.368a6 6 0 0 1 1.757 4.243V112z"
                />
              </svg>
              <span
                class="MuiTouchRipple-root css-8je8zh-MuiTouchRipple-root"
              />
            </button>
          </div>
        </div>
      </div>
    </div>
    <div
      class="w-3/6 flex flex-row justify-end align-middle"
      data-testid="meta-container"
    >
      <div
        class="w-3/6 flex flex-col justify-center align-middle"
      >
        <div
          class="text-center px-2 py-1 rounded-md shadow-sm select-none my-2 mx-auto"
          data-testid="mock-badge"
        >
          HEAD
        </div>
      </div>
    </div>
  </div>
</div>
`;
