// Jest Snapshot v1, https://goo.gl/fbAQLP

exports[`Detail should render detail component 1`] = `
<div>
  <div
    class="flex flex-col justify-start align-middle w-full px-9 mt-4 mb-2"
    data-testid="detail-section"
  />
</div>
`;
