// Jest Snapshot v1, https://goo.gl/fbAQLP

exports[`Password should render password text field 1`] = `
<div>
  <input
    autocomplete="off"
    class="w-full my-2 p-2 outline-none rounded-md border-2 border-gray-300 sc-bdvvtL"
    data-testid="login-password-input"
    placeholder="password"
    value="password"
  />
</div>
`;
