// Jest Snapshot v1, https://goo.gl/fbAQLP

exports[`Sidebar should render sidebar component 1`] = `
<div>
  <div
    class="w-1/4 flex flex-row mx-4 mt-4"
    data-testid="sidebar-section"
  >
    <div
      class="w-full flex flex-col shadow-sm px-4 py-2 rounded-sm"
    >
      <span
        class="inline-flex items-center justify-center mb-4 text-gray-500"
      >
        <svg
          fill="currentColor"
          height="1em"
          stroke="currentColor"
          stroke-width="0"
          viewBox="0 0 640 512"
          width="1em"
          xmlns="http://www.w3.org/2000/svg"
        >
          <path
            d="M512.1 191l-8.2 14.3c-3 5.3-9.4 7.5-15.1 5.4-11.8-4.4-22.6-10.7-32.1-18.6-4.6-3.8-5.8-10.5-2.8-15.7l8.2-14.3c-6.9-8-12.3-17.3-15.9-27.4h-16.5c-6 0-11.2-4.3-12.2-10.3-2-12-2.1-24.6 0-37.1 1-6 6.2-10.4 12.2-10.4h16.5c3.6-10.1 9-19.4 15.9-27.4l-8.2-14.3c-3-5.2-1.9-11.9 2.8-15.7 9.5-7.9 20.4-14.2 32.1-18.6 5.7-2.1 12.1.1 15.1 5.4l8.2 14.3c10.5-1.9 21.2-1.9 31.7 0L552 6.3c3-5.3 9.4-7.5 15.1-5.4 11.8 4.4 22.6 10.7 32.1 18.6 4.6 3.8 5.8 10.5 2.8 15.7l-8.2 14.3c6.9 8 12.3 17.3 15.9 27.4h16.5c6 0 11.2 4.3 12.2 10.3 2 12 2.1 24.6 0 37.1-1 6-6.2 10.4-12.2 10.4h-16.5c-3.6 10.1-9 19.4-15.9 27.4l8.2 14.3c3 5.2 1.9 11.9-2.8 15.7-9.5 7.9-20.4 14.2-32.1 18.6-5.7 2.1-12.1-.1-15.1-5.4l-8.2-14.3c-10.4 1.9-21.2 1.9-31.7 0zm-10.5-58.8c38.5 29.6 82.4-14.3 52.8-52.8-38.5-29.7-82.4 14.3-52.8 52.8zM386.3 286.1l33.7 16.8c10.1 5.8 14.5 18.1 10.5 29.1-8.9 24.2-26.4 46.4-42.6 65.8-7.4 8.9-20.2 11.1-30.3 5.3l-29.1-16.8c-16 13.7-34.6 24.6-54.9 31.7v33.6c0 11.6-8.3 21.6-19.7 23.6-24.6 4.2-50.4 4.4-75.9 0-11.5-2-20-11.9-20-23.6V418c-20.3-7.2-38.9-18-54.9-31.7L74 403c-10 5.8-22.9 3.6-30.3-5.3-16.2-19.4-33.3-41.6-42.2-65.7-4-10.9.4-23.2 10.5-29.1l33.3-16.8c-3.9-20.9-3.9-42.4 0-63.4L12 205.8c-10.1-5.8-14.6-18.1-10.5-29 8.9-24.2 26-46.4 42.2-65.8 7.4-8.9 20.2-11.1 30.3-5.3l29.1 16.8c16-13.7 34.6-24.6 54.9-31.7V57.1c0-11.5 8.2-21.5 19.6-23.5 24.6-4.2 50.5-4.4 76-.1 11.5 2 20 11.9 20 23.6v33.6c20.3 7.2 38.9 18 54.9 31.7l29.1-16.8c10-5.8 22.9-3.6 30.3 5.3 16.2 19.4 33.2 41.6 42.1 65.8 4 10.9.1 23.2-10 29.1l-33.7 16.8c3.9 21 3.9 42.5 0 63.5zm-117.6 21.1c59.2-77-28.7-164.9-105.7-105.7-59.2 77 28.7 164.9 105.7 105.7zm243.4 182.7l-8.2 14.3c-3 5.3-9.4 7.5-15.1 5.4-11.8-4.4-22.6-10.7-32.1-18.6-4.6-3.8-5.8-10.5-2.8-15.7l8.2-14.3c-6.9-8-12.3-17.3-15.9-27.4h-16.5c-6 0-11.2-4.3-12.2-10.3-2-12-2.1-24.6 0-37.1 1-6 6.2-10.4 12.2-10.4h16.5c3.6-10.1 9-19.4 15.9-27.4l-8.2-14.3c-3-5.2-1.9-11.9 2.8-15.7 9.5-7.9 20.4-14.2 32.1-18.6 5.7-2.1 12.1.1 15.1 5.4l8.2 14.3c10.5-1.9 21.2-1.9 31.7 0l8.2-14.3c3-5.3 9.4-7.5 15.1-5.4 11.8 4.4 22.6 10.7 32.1 18.6 4.6 3.8 5.8 10.5 2.8 15.7l-8.2 14.3c6.9 8 12.3 17.3 15.9 27.4h16.5c6 0 11.2 4.3 12.2 10.3 2 12 2.1 24.6 0 37.1-1 6-6.2 10.4-12.2 10.4h-16.5c-3.6 10.1-9 19.4-15.9 27.4l8.2 14.3c3 5.2 1.9 11.9-2.8 15.7-9.5 7.9-20.4 14.2-32.1 18.6-5.7 2.1-12.1-.1-15.1-5.4l-8.2-14.3c-10.4 1.9-21.2 1.9-31.7 0zM501.6 431c38.5 29.6 82.4-14.3 52.8-52.8-38.5-29.6-82.4 14.3-52.8 52.8z"
          />
        </svg>
         
        <div
          class="font-sans text-xl text-center font-bold select-none my-1 mx-1"
        >
          Tools
        </div>
      </span>
      <div
        class="flex flex-col mx-2 my-2"
      >
        <label
          class="form-check-label inline-block text-gray-400 text-sm underline underline-offset-1 mb-1"
        >
          Filter By HTTP Method
        </label>
        <div
          class="flex flex-row flex-wrap justify-start align-items mx-2 mt-2"
        >
          <div
            class="text-center px-2 py-1 rounded-md shadow-sm select-none my-1 mx-2 cursor-pointer border-2 border-blue-500 text-blue-500"
            data-testid="card-badge"
          >
            GET
          </div>
          <div
            class="text-center px-2 py-1 rounded-md shadow-sm select-none my-1 mx-2 cursor-pointer border-2 border-green-500 text-green-500"
            data-testid="card-badge"
          >
            POST
          </div>
          <div
            class="text-center px-2 py-1 rounded-md shadow-sm select-none my-1 mx-2 cursor-pointer border-2 border-yellow-500 text-yellow-500"
            data-testid="card-badge"
          >
            PUT
          </div>
          <div
            class="text-center px-2 py-1 rounded-md shadow-sm select-none my-1 mx-2 cursor-pointer border-2 border-red-500 text-red-500"
            data-testid="card-badge"
          >
            DELETE
          </div>
          <div
            class="text-center px-2 py-1 rounded-md shadow-sm select-none my-1 mx-2 cursor-pointer border-2 border-yellow-900 text-yellow-900"
            data-testid="card-badge"
          >
            PATCH
          </div>
          <div
            class="text-center px-2 py-1 rounded-md shadow-sm select-none my-1 mx-2 cursor-pointer border-2 border-pink-500 text-pink-500"
            data-testid="card-badge"
          >
            CONNECT
          </div>
          <div
            class="text-center px-2 py-1 rounded-md shadow-sm select-none my-1 mx-2 cursor-pointer border-2 border-indigo-500 text-indigo-500"
            data-testid="card-badge"
          >
            HEAD
          </div>
          <div
            class="text-center px-2 py-1 rounded-md shadow-sm select-none my-1 mx-2 cursor-pointer border-2 border-violet-500 text-violet-500"
            data-testid="card-badge"
          >
            TRACE
          </div>
          <div
            class="text-center px-2 py-1 rounded-md shadow-sm select-none my-1 mx-2 cursor-pointer border-2 border-gray-500 text-gray-500"
            data-testid="card-badge"
          >
            OPTIONS
          </div>
        </div>
      </div>
      <div
        class="flex flex-col mx-2 my-2"
      >
        <label
          class="form-check-label inline-block text-gray-400 text-sm underline underline-offset-1 mb-1"
        >
          Filter By Response Type
        </label>
        <div
          class="form-check"
        >
          <input
            class="form-check-input appearance-none rounded-full h-4 w-4 border border-gray-300 rounded-sm bg-white checked:bg-teal-600 checked:border-teal-600 focus:outline-none transition duration-200 mt-1 align-top bg-no-repeat bg-center bg-contain float-left mr-2 cursor-pointer"
            id="response-type-0"
            name="response-type"
            type="radio"
            value=""
          />
          <label
            class="form-check-label inline-block text-xs text-gray-400"
            for="response-type-0"
          >
            Textual Response
          </label>
        </div>
        <div
          class="form-check"
        >
          <input
            class="form-check-input appearance-none rounded-full h-4 w-4 border border-gray-300 rounded-sm bg-white checked:bg-teal-600 checked:border-teal-600 focus:outline-none transition duration-200 mt-1 align-top bg-no-repeat bg-center bg-contain float-left mr-2 cursor-pointer"
            id="response-type-1"
            name="response-type"
            type="radio"
            value=""
          />
          <label
            class="form-check-label inline-block text-xs text-gray-400"
            for="response-type-1"
          >
            Binary Response
          </label>
        </div>
        <div
          class="form-check"
        >
          <input
            class="form-check-input appearance-none rounded-full h-4 w-4 border border-gray-300 rounded-sm bg-white checked:bg-teal-600 checked:border-teal-600 focus:outline-none transition duration-200 mt-1 align-top bg-no-repeat bg-center bg-contain float-left mr-2 cursor-pointer"
            id="response-type-2"
            name="response-type"
            type="radio"
            value=""
          />
          <label
            class="form-check-label inline-block text-xs text-gray-400"
            for="response-type-2"
          >
            No Response
          </label>
        </div>
      </div>
      <div
        class="flex flex-col mx-2 my-2"
      >
        <label
          class="form-check-label inline-block text-gray-400 text-sm underline underline-offset-1 mb-1"
          for="sort-element"
        >
          Sort By
        </label>
        <select
          class="w-full justify-center border-2 rounded-sm border-gray-200 text-teal-500 text-sm outline-none mx-2 my-2"
          data-testid="sort-element"
          id="sort-element"
        >
          <option
            class="bg-white truncate rounded-sm outline-none text-gray-400"
            disabled=""
            hidden=""
            selected=""
            value=""
          >
            Choose...
          </option>
          <option
            class="bg-white truncate rounded-sm outline-none text-gray-400"
          >
            Mock Name
          </option>
          <option
            class="bg-white truncate rounded-sm outline-none text-gray-400"
          >
            Http Method
          </option>
          <option
            class="bg-white truncate rounded-sm outline-none text-gray-400"
          >
            Status Code
          </option>
          <option
            class="bg-white truncate rounded-sm outline-none text-gray-400"
          >
            Route
          </option>
          <option
            class="bg-white truncate rounded-sm outline-none text-gray-400"
          >
            Time Created
          </option>
        </select>
      </div>
      <div
        class="flex flex-col mx-2 my-2"
      >
        <label
          class="form-check-label inline-block text-gray-400 text-sm underline underline-offset-1 mb-1"
          for="group-element"
        >
          Group By
        </label>
        <select
          class="w-full justify-center border-2 rounded-sm border-gray-200 text-teal-500 text-sm outline-none mx-2 my-2"
          data-testid="group-element"
          id="group-element"
        >
          <option
            class="bg-white truncate rounded-sm outline-none text-gray-400"
            disabled=""
            hidden=""
            selected=""
            value=""
          >
            Choose...
          </option>
          <option
            class="bg-white truncate rounded-sm outline-none text-gray-400"
          >
            Http Method
          </option>
          <option
            class="bg-white truncate rounded-sm outline-none text-gray-400"
          >
            Status Code
          </option>
        </select>
      </div>
    </div>
  </div>
</div>
`;
