// Jest Snapshot v1, https://goo.gl/fbAQLP

exports[`FullPageLoader should not render FullPageLoader when loading is false 1`] = `
<body>
  <div />
</body>
`;

exports[`FullPageLoader should render FullPageLoader 1`] = `
<body>
  <div />
  <div>
    <div
      class="w-screen h-screen flex justify-center items-center bg-gray-200 opacity-75 z-999 fixed top-0 bottom-0 left-0 right-0"
      data-testid="fullpage-loader"
    >
      <span
        class="css-1njh322-LoaderStyle"
      >
        <span
          class="css-88j6kq"
        />
        <span
          class="css-15xvzy0"
        />
        <span
          class="css-1nqujw"
        />
      </span>
    </div>
  </div>
</body>
`;
